// Jest Snapshot v1, https://goo.gl/fbAQLP

exports[`<CardOption> renders 1`] = `
<View
  style={
    Array [
      Object {
        "height": "100%",
        "minHeight": 36,
        "minWidth": 36,
      },
      Array [
        Object {
          "marginRight": 12,
        },
        undefined,
      ],
    ]
  }
>
  <View
    style={
      Array [
        Object {
          "borderRadius": 3,
          "height": "100%",
          "left": 0,
          "position": "absolute",
          "top": 0,
          "width": "100%",
          "zIndex": 0,
        },
        Object {
          "backgroundColor": "#cdd2d4",
          "opacity": 0.68,
        },
      ]
    }
  />
  <View
    style={
      Array [
        Object {
          "flex": 1,
          "padding": 16,
          "width": "100%",
          "zIndex": 1,
        },
        Object {
          "padding": 0,
        },
      ]
    }
  >
    <View
      accessible={true}
      focusable={false}
      onClick={[Function]}
      onResponderGrant={[Function]}
      onResponderMove={[Function]}
      onResponderRelease={[Function]}
      onResponderTerminate={[Function]}
      onResponderTerminationRequest={[Function]}
      onStartShouldSetResponder={[Function]}
      pointerEvents="none"
      style={
        Array [
          undefined,
          Array [
            Object {
              "alignItems": "center",
              "borderRadius": 3,
              "paddingVertical": 16,
            },
            false,
          ],
        ]
      }
    >
      <Text
        numberOfLines={1}
        style={
          Array [
            Object {
              "color": "#4a4a4a",
              "fontFamily": undefined,
              "fontWeight": "400",
              "textAlignVertical": "center",
            },
            Object {
              "fontSize": 14,
            },
            Object {
              "color": "#707070",
            },
            Object {
              "paddingHorizontal": 8,
              "textAlign": "center",
            },
          ]
        }
      />
      <View
        style={
          Array [
            Object {
              "backgroundColor": "transparent",
              "borderRadius": 3,
              "bottom": 0,
              "left": 0,
              "overflow": "hidden",
              "position": "absolute",
              "right": 0,
              "top": 0,
            },
            undefined,
          ]
        }
      >
        <View
          style={
            Object {
              "backgroundColor": "#10c0bc",
              "height": 0,
              "opacity": 0,
              "width": 0,
              "zIndex": 0,
            }
          }
        />
      </View>
    </View>
  </View>
</View>
`;
